2026-05-23 10:07:42,816 INFO method=GET path=/user/books status=200 ms=0 user_id=anon
2026-05-23 10:07:42,888 INFO method=GET path=/styles/user/user_dashboard.css status=200 ms=2 user_id=anon
2026-05-23 10:07:42,891 INFO method=GET path=/styles/user/user_shared.css status=200 ms=3 user_id=anon
2026-05-23 10:07:42,893 INFO method=GET path=/assets/logo/NMSC LOGO.jpg status=200 ms=0 user_id=anon
2026-05-23 10:07:42,915 INFO method=GET path=/scripts/user/main.js status=200 ms=0 user_id=anon
2026-05-23 10:07:42,920 INFO method=GET path=/scripts/user/reserve.js status=200 ms=1 user_id=anon
2026-05-23 10:07:42,925 INFO method=GET path=/assets/icons/user-nav-home.svg status=200 ms=0 user_id=anon
2026-05-23 10:07:42,932 INFO method=GET path=/scripts/user/books.js status=200 ms=9 user_id=anon
2026-05-23 10:07:42,935 INFO method=GET path=/assets/icons/user-nav-manage.svg status=200 ms=7 user_id=anon
2026-05-23 10:07:42,938 INFO method=GET path=/assets/icons/user-nav-card.svg status=200 ms=1 user_id=anon
2026-05-23 10:07:42,939 INFO method=GET path=/assets/icons/user-nav-notifications.svg status=200 ms=1 user_id=anon
2026-05-23 10:07:43,117 INFO method=GET path=/scripts/user/auth.js status=200 ms=0 user_id=anon
2026-05-23 10:07:43,179 INFO method=GET path=/services/state/session.js status=200 ms=2 user_id=anon
2026-05-23 10:07:43,189 INFO method=GET path=/api/categories status=200 ms=34 user_id=anon
2026-05-23 10:07:43,209 INFO method=GET path=/api/auth/session status=401 ms=0 user_id=anon
2026-05-23 10:07:43,413 INFO method=GET path=/api/books status=200 ms=192 user_id=anon
2026-05-23 10:07:43,418 INFO method=GET path=/api/books status=200 ms=202 user_id=anon
2026-05-23 10:07:43,420 INFO method=GET path=/api/books status=200 ms=190 user_id=anon
2026-05-23 10:07:43,452 INFO method=GET path=/main/sign_in status=200 ms=0 user_id=anon
2026-05-23 10:07:43,662 INFO method=GET path=/styles/main/sign_in.css status=200 ms=2 user_id=anon
2026-05-23 10:07:43,663 INFO method=GET path=/assets/logo/NMSC LOGO.jpg status=200 ms=1 user_id=anon
2026-05-23 10:07:43,665 INFO method=GET path=/scripts/main/sign_in.js status=200 ms=0 user_id=anon
2026-05-23 10:07:43,666 INFO method=GET path=/assets/logo/Book_logo.png status=200 ms=0 user_id=anon
2026-05-23 10:07:43,696 INFO method=GET path=/services/state/session.js status=200 ms=0 user_id=anon
2026-05-23 10:07:43,697 INFO method=GET path=/services/state/store.js status=200 ms=0 user_id=anon
2026-05-23 10:07:43,732 INFO method=GET path=/assets/fonts/fonts.css status=200 ms=0 user_id=anon
2026-05-23 10:07:46,341 INFO method=GET path=/api/admin/notifications status=401 ms=0 user_id=anon
2026-05-23 10:08:16,343 INFO method=GET path=/api/admin/notifications status=401 ms=0 user_id=anon
2026-05-23 10:08:46,340 INFO method=GET path=/api/admin/notifications status=401 ms=0 user_id=anon
2026-05-23 10:09:16,341 INFO method=GET path=/api/admin/notifications status=401 ms=0 user_id=anon
2026-05-23 10:09:46,341 INFO method=GET path=/api/admin/notifications status=401 ms=0 user_id=anon
2026-05-23 10:10:16,341 INFO method=GET path=/api/admin/notifications status=401 ms=0 user_id=anon
2026-05-23 10:10:46,342 INFO method=GET path=/api/admin/notifications status=401 ms=0 user_id=anon
2026-05-23 10:11:16,340 INFO method=GET path=/api/admin/notifications status=401 ms=0 user_id=anon
2026-05-23 10:11:46,340 INFO method=GET path=/api/admin/notifications status=401 ms=0 user_id=anon
2026-05-23 10:12:16,341 INFO method=GET path=/api/admin/notifications status=401 ms=0 user_id=anon
2026-05-23 10:12:46,341 INFO method=GET path=/api/admin/notifications status=401 ms=0 user_id=anon
2026-05-23 10:13:16,341 INFO method=GET path=/api/admin/notifications status=401 ms=0 user_id=anon
2026-05-23 10:14:29,341 INFO method=GET path=/api/admin/notifications status=401 ms=0 user_id=anon
2026-05-23 10:15:29,343 INFO method=GET path=/api/admin/notifications status=401 ms=0 user_id=anon
2026-05-23 10:16:29,343 INFO method=GET path=/api/admin/notifications status=401 ms=0 user_id=anon
2026-05-23 10:17:29,344 INFO method=GET path=/api/admin/notifications status=401 ms=0 user_id=anon
2026-05-23 10:18:29,347 INFO method=GET path=/api/admin/notifications status=401 ms=0 user_id=anon
2026-05-23 10:19:29,343 INFO method=GET path=/api/admin/notifications status=401 ms=0 user_id=anon
2026-05-23 10:20:29,342 INFO method=GET path=/api/admin/notifications status=401 ms=0 user_id=anon
2026-05-23 10:21:29,343 INFO method=GET path=/api/admin/notifications status=401 ms=0 user_id=anon
2026-05-23 10:22:29,343 INFO method=GET path=/api/admin/notifications status=401 ms=0 user_id=anon
2026-05-23 10:23:29,343 INFO method=GET path=/api/admin/notifications status=401 ms=0 user_id=anon
2026-05-23 10:24:29,343 INFO method=GET path=/api/admin/notifications status=401 ms=0 user_id=anon
2026-05-23 10:25:29,342 INFO method=GET path=/api/admin/notifications status=401 ms=0 user_id=anon
2026-05-23 10:26:29,343 INFO method=GET path=/api/admin/notifications status=401 ms=0 user_id=anon
2026-05-23 10:27:29,342 INFO method=GET path=/api/admin/notifications status=401 ms=0 user_id=anon
2026-05-23 10:28:29,347 INFO method=GET path=/api/admin/notifications status=401 ms=0 user_id=anon
2026-05-23 10:29:29,476 INFO method=GET path=/api/admin/notifications status=401 ms=0 user_id=anon
2026-05-23 10:30:29,343 INFO method=GET path=/api/admin/notifications status=401 ms=0 user_id=anon
2026-05-23 10:31:29,342 INFO method=GET path=/api/admin/notifications status=401 ms=0 user_id=anon
2026-05-23 10:31:47,263 INFO method=GET path=/api/admin/notifications status=401 ms=0 user_id=anon
